Archive member included to satisfy reference by file (symbol)

/Applications/STM32CubeIDE.app/Contents/Eclipse/plugins/com.st.stm32cube.ide.mcu.externaltools.gnu-tools-for-stm32.13.3.rel1.macos64_1.0.0.202411102158/tools/bin/../lib/gcc/arm-none-eabi/13.3.1/../../../../arm-none-eabi/lib/thumb/v7e-m+fp/hard/libc_nano.a(libc_a-exit.o)
                              /Applications/STM32CubeIDE.app/Contents/Eclipse/plugins/com.st.stm32cube.ide.mcu.externaltools.gnu-tools-for-stm32.13.3.rel1.macos64_1.0.0.202411102158/tools/bin/../lib/gcc/arm-none-eabi/13.3.1/../../../../arm-none-eabi/lib/thumb/v7e-m+fp/hard/crt0.o (exit)
/Applications/STM32CubeIDE.app/Contents/Eclipse/plugins/com.st.stm32cube.ide.mcu.externaltools.gnu-tools-for-stm32.13.3.rel1.macos64_1.0.0.202411102158/tools/bin/../lib/gcc/arm-none-eabi/13.3.1/../../../../arm-none-eabi/lib/thumb/v7e-m+fp/hard/libc_nano.a(libc_a-findfp.o)
                              /Applications/STM32CubeIDE.app/Contents/Eclipse/plugins/com.st.stm32cube.ide.mcu.externaltools.gnu-tools-for-stm32.13.3.rel1.macos64_1.0.0.202411102158/tools/bin/../lib/gcc/arm-none-eabi/13.3.1/../../../../arm-none-eabi/lib/thumb/v7e-m+fp/hard/libc_nano.a(libc_a-exit.o) (__stdio_exit_handler)
/Applications/STM32CubeIDE.app/Contents/Eclipse/plugins/com.st.stm32cube.ide.mcu.externaltools.gnu-tools-for-stm32.13.3.rel1.macos64_1.0.0.202411102158/tools/bin/../lib/gcc/arm-none-eabi/13.3.1/../../../../arm-none-eabi/lib/thumb/v7e-m+fp/hard/libc_nano.a(libc_a-fwalk.o)
                              /Applications/STM32CubeIDE.app/Contents/Eclipse/plugins/com.st.stm32cube.ide.mcu.externaltools.gnu-tools-for-stm32.13.3.rel1.macos64_1.0.0.202411102158/tools/bin/../lib/gcc/arm-none-eabi/13.3.1/../../../../arm-none-eabi/lib/thumb/v7e-m+fp/hard/libc_nano.a(libc_a-findfp.o) (_fwalk_sglue)
/Applications/STM32CubeIDE.app/Contents/Eclipse/plugins/com.st.stm32cube.ide.mcu.externaltools.gnu-tools-for-stm32.13.3.rel1.macos64_1.0.0.202411102158/tools/bin/../lib/gcc/arm-none-eabi/13.3.1/../../../../arm-none-eabi/lib/thumb/v7e-m+fp/hard/libc_nano.a(libc_a-memset.o)
                              /Applications/STM32CubeIDE.app/Contents/Eclipse/plugins/com.st.stm32cube.ide.mcu.externaltools.gnu-tools-for-stm32.13.3.rel1.macos64_1.0.0.202411102158/tools/bin/../lib/gcc/arm-none-eabi/13.3.1/../../../../arm-none-eabi/lib/thumb/v7e-m+fp/hard/crt0.o (memset)
/Applications/STM32CubeIDE.app/Contents/Eclipse/plugins/com.st.stm32cube.ide.mcu.externaltools.gnu-tools-for-stm32.13.3.rel1.macos64_1.0.0.202411102158/tools/bin/../lib/gcc/arm-none-eabi/13.3.1/../../../../arm-none-eabi/lib/thumb/v7e-m+fp/hard/libc_nano.a(libc_a-errno.o)
                              ./Core/Src/syscalls.o (__errno)
/Applications/STM32CubeIDE.app/Contents/Eclipse/plugins/com.st.stm32cube.ide.mcu.externaltools.gnu-tools-for-stm32.13.3.rel1.macos64_1.0.0.202411102158/tools/bin/../lib/gcc/arm-none-eabi/13.3.1/../../../../arm-none-eabi/lib/thumb/v7e-m+fp/hard/libc_nano.a(libc_a-init.o)
                              /Applications/STM32CubeIDE.app/Contents/Eclipse/plugins/com.st.stm32cube.ide.mcu.externaltools.gnu-tools-for-stm32.13.3.rel1.macos64_1.0.0.202411102158/tools/bin/../lib/gcc/arm-none-eabi/13.3.1/../../../../arm-none-eabi/lib/thumb/v7e-m+fp/hard/crt0.o (__libc_init_array)
/Applications/STM32CubeIDE.app/Contents/Eclipse/plugins/com.st.stm32cube.ide.mcu.externaltools.gnu-tools-for-stm32.13.3.rel1.macos64_1.0.0.202411102158/tools/bin/../lib/gcc/arm-none-eabi/13.3.1/../../../../arm-none-eabi/lib/thumb/v7e-m+fp/hard/libc_nano.a(libc_a-lock.o)
                              /Applications/STM32CubeIDE.app/Contents/Eclipse/plugins/com.st.stm32cube.ide.mcu.externaltools.gnu-tools-for-stm32.13.3.rel1.macos64_1.0.0.202411102158/tools/bin/../lib/gcc/arm-none-eabi/13.3.1/../../../../arm-none-eabi/lib/thumb/v7e-m+fp/hard/libc_nano.a(libc_a-findfp.o) (__retarget_lock_init_recursive)
/Applications/STM32CubeIDE.app/Contents/Eclipse/plugins/com.st.stm32cube.ide.mcu.externaltools.gnu-tools-for-stm32.13.3.rel1.macos64_1.0.0.202411102158/tools/bin/../lib/gcc/arm-none-eabi/13.3.1/../../../../arm-none-eabi/lib/thumb/v7e-m+fp/hard/libc_nano.a(libc_a-impure.o)
                              /Applications/STM32CubeIDE.app/Contents/Eclipse/plugins/com.st.stm32cube.ide.mcu.externaltools.gnu-tools-for-stm32.13.3.rel1.macos64_1.0.0.202411102158/tools/bin/../lib/gcc/arm-none-eabi/13.3.1/../../../../arm-none-eabi/lib/thumb/v7e-m+fp/hard/libc_nano.a(libc_a-errno.o) (_impure_ptr)
/Applications/STM32CubeIDE.app/Contents/Eclipse/plugins/com.st.stm32cube.ide.mcu.externaltools.gnu-tools-for-stm32.13.3.rel1.macos64_1.0.0.202411102158/tools/bin/../lib/gcc/arm-none-eabi/13.3.1/../../../../arm-none-eabi/lib/thumb/v7e-m+fp/hard/libc_nano.a(libc_a-mallocr.o)
[...]
Memory Configuration

Name             Origin             Length             Attributes
RAM              0x20000000         0x00050000         xrw
RAM2             0x10000000         0x00010000         xrw
FLASH            0x08000000         0x00100000         xr
*default*        0x00000000         0xffffffff

Linker script and memory map

LOAD /Applications/STM32CubeIDE.app/Contents/Eclipse/plugins/com.st.stm32cube.ide.mcu.externaltools.gnu-tools-for-stm32.13.3.rel1.macos64_1.0.0.202411102158/tools/bin/../lib/gcc/arm-none-eabi/13.3.1/thumb/v7e-m+fp/hard/crti.o
LOAD /Applications/STM32CubeIDE.app/Contents/Eclipse/plugins/com.st.stm32cube.ide.mcu.externaltools.gnu-tools-for-stm32.13.3.rel1.macos64_1.0.0.202411102158/tools/bin/../lib/gcc/arm-none-eabi/13.3.1/thumb/v7e-m+fp/hard/crtbegin.o
LOAD /Applications/STM32CubeIDE.app/Contents/Eclipse/plugins/com.st.stm32cube.ide.mcu.externaltools.gnu-tools-for-stm32.13.3.rel1.macos64_1.0.0.202411102158/tools/bin/../lib/gcc/arm-none-eabi/13.3.1/../../../../arm-none-eabi/lib/thumb/v7e-m+fp/hard/crt0.o
LOAD ./Core/Src/LPUART.o
LOAD ./Core/Src/delay.o
LOAD ./Core/Src/eeprom.o
LOAD ./Core/Src/stm32l4xx_hal_msp.o
LOAD ./Core/Src/stm32l4xx_it.o
LOAD ./Core/Src/syscalls.o
LOAD ./Core/Src/sysmem.o
LOAD ./Core/Src/system_stm32l4xx.o
LOAD ./Core/Src/userled.o
LOAD ./Core/Startup/startup_stm32l4a6zgtx.o
LOAD ./Core/gv-data/catalog_bytestream.o
LOAD ./Core/gv-data/catalog_luts.o
LOAD ./Core/gv-data/catalog_xyz.o
LOAD ./Core/gv-data/tab_cat.o
LOAD ./Drivers/STM32L4xx_HAL_Driver/Src/stm32l4xx_hal.o
LOAD ./Drivers/STM32L4xx_HAL_Driver/Src/stm32l4xx_hal_cortex.o
LOAD ./Drivers/STM32L4xx_HAL_Driver/Src/stm32l4xx_hal_dma.o
LOAD ./Drivers/STM32L4xx_HAL_Driver/Src/stm32l4xx_hal_dma_ex.o
LOAD ./Drivers/STM32L4xx_HAL_Driver/Src/stm32l4xx_hal_exti.o
LOAD ./Drivers/STM32L4xx_HAL_Driver/Src/stm32l4xx_hal_flash.o
LOAD ./Drivers/STM32L4xx_HAL_Driver/Src/stm32l4xx_hal_flash_ex.o
LOAD ./Drivers/STM32L4xx_HAL_Driver/Src/stm32l4xx_hal_flash_ramfunc.o
LOAD ./Drivers/STM32L4xx_HAL_Driver/Src/stm32l4xx_hal_gpio.o
LOAD ./Drivers/STM32L4xx_HAL_Driver/Src/stm32l4xx_hal_i2c.o
LOAD ./Drivers/STM32L4xx_HAL_Driver/Src/stm32l4xx_hal_i2c_ex.o
LOAD ./Drivers/STM32L4xx_HAL_Driver/Src/stm32l4xx_hal_pwr.o
LOAD ./Drivers/STM32L4xx_HAL_Driver/Src/stm32l4xx_hal_pwr_ex.o
LOAD ./Drivers/STM32L4xx_HAL_Driver/Src/stm32l4xx_hal_rcc.o
LOAD ./Drivers/STM32L4xx_HAL_Driver/Src/stm32l4xx_hal_rcc_ex.o
START GROUP
LOAD /Applications/STM32CubeIDE.app/Contents/Eclipse/plugins/com.st.stm32cube.ide.mcu.externaltools.gnu-tools-for-stm32.13.3.rel1.macos64_1.0.0.202411102158/tools/bin/../lib/gcc/arm-none-eabi/13.3.1/../../../../arm-none-eabi/lib/thumb/v7e-m+fp/hard/libc_nano.a
LOAD /Applications/STM32CubeIDE.app/Contents/Eclipse/plugins/com.st.stm32cube.ide.mcu.externaltools.gnu-tools-for-stm32.13.3.rel1.macos64_1.0.0.202411102158/tools/bin/../lib/gcc/arm-none-eabi/13.3.1/../../../../arm-none-eabi/lib/thumb/v7e-m+fp/hard/libm.a
END GROUP
START GROUP
LOAD /Applications/STM32CubeIDE.app/Contents/Eclipse/plugins/com.st.stm32cube.ide.mcu.externaltools.gnu-tools-for-stm32.13.3.rel1.macos64_1.0.0.202411102158/tools/bin/../lib/gcc/arm-none-eabi/13.3.1/thumb/v7e-m+fp/hard/libgcc.a
LOAD /Applications/STM32CubeIDE.app/Contents/Eclipse/plugins/com.st.stm32cube.ide.mcu.externaltools.gnu-tools-for-stm32.13.3.rel1.macos64_1.0.0.202411102158/tools/bin/../lib/gcc/arm-none-eabi/13.3.1/../../../../arm-none-eabi/lib/thumb/v7e-m+fp/hard/libc_nano.a
END GROUP
START GROUP
LOAD /Applications/STM32CubeIDE.app/Contents/Eclipse/plugins/com.st.stm32cube.ide.mcu.externaltools.gnu-tools-for-stm32.13.3.rel1.macos64_1.0.0.202411102158/tools/bin/../lib/gcc/arm-none-eabi/13.3.1/thumb/v7e-m+fp/hard/libgcc.a
LOAD /Applications/STM32CubeIDE.app/Contents/Eclipse/plugins/com.st.stm32cube.ide.mcu.externaltools.gnu-tools-for-stm32.13.3.rel1.macos64_1.0.0.202411102158/tools/bin/../lib/gcc/arm-none-eabi/13.3.1/../../../../arm-none-eabi/lib/thumb/v7e-m+fp/hard/libc_nano.a
LOAD /Applications/STM32CubeIDE.app/Contents/Eclipse/plugins/com.st.stm32cube.ide.mcu.externaltools.gnu-tools-for-stm32.13.3.rel1.macos64_1.0.0.202411102158/tools/bin/../lib/gcc/arm-none-eabi/13.3.1/../../../../arm-none-eabi/lib/thumb/v7e-m+fp/hard/libnosys.a
END GROUP
START GROUP
LOAD /Applications/STM32CubeIDE.app/Contents/Eclipse/plugins/com.st.stm32cube.ide.mcu.externaltools.gnu-tools-for-stm32.13.3.rel1.macos64_1.0.0.202411102158/tools/bin/../lib/gcc/arm-none-eabi/13.3.1/thumb/v7e-m+fp/hard/libgcc.a
LOAD /Applications/STM32CubeIDE.app/Contents/Eclipse/plugins/com.st.stm32cube.ide.mcu.externaltools.gnu-tools-for-stm32.13.3.rel1.macos64_1.0.0.202411102158/tools/bin/../lib/gcc/arm-none-eabi/13.3.1/../../../../arm-none-eabi/lib/thumb/v7e-m+fp/hard/libc_nano.a
LOAD /Applications/STM32CubeIDE.app/Contents/Eclipse/plugins/com.st.stm32cube.ide.mcu.externaltools.gnu-tools-for-stm32.13.3.rel1.macos64_1.0.0.202411102158/tools/bin/../lib/gcc/arm-none-eabi/13.3.1/../../../../arm-none-eabi/lib/thumb/v7e-m+fp/hard/libnosys.a
END GROUP
LOAD /Applications/STM32CubeIDE.app/Contents/Eclipse/plugins/com.st.stm32cube.ide.mcu.externaltools.gnu-tools-for-stm32.13.3.rel1.macos64_1.0.0.202411102158/tools/bin/../lib/gcc/arm-none-eabi/13.3.1/thumb/v7e-m+fp/hard/crtend.o
LOAD /Applications/STM32CubeIDE.app/Contents/Eclipse/plugins/com.st.stm32cube.ide.mcu.externaltools.gnu-tools-for-stm32.13.3.rel1.macos64_1.0.0.202411102158/tools/bin/../lib/gcc/arm-none-eabi/13.3.1/thumb/v7e-m+fp/hard/crtn.o
                0x20050000                        _estack = (ORIGIN (RAM) + LENGTH (RAM))
                0x00000200                        _Min_Heap_Size = 0x200
                0x00000400                        _Min_Stack_Size = 0x400

.isr_vector     0x08000000      0x1ac
                0x08000000                        . = ALIGN (0x4)
 *(.isr_vector)
 .isr_vector    0x08000000      0x1ac ./Core/Startup/startup_stm32l4a6zgtx.o
                0x08000000                g_pfnVectors
                0x080001ac                        . = ALIGN (0x4)

.text           0x080001ac      0x2f8
                0x080001ac                        . = ALIGN (0x4)
 *(.text)
 .text          0x080001ac       0x40 /Applications/STM32CubeIDE.app/Contents/Eclipse/plugins/com.st.stm32cube.ide.mcu.externaltools.gnu-tools-for-stm32.13.3.rel1.macos64_1.0.0.202411102158/tools/bin/../lib/gcc/arm-none-eabi/13.3.1/thumb/v7e-m+fp/hard/crtbegin.o
 *(.text*)
 .text.LPUART_Print
                0x080001ec       0x4c ./Core/Src/LPUART.o
                0x080001ec                LPUART_Print
 .text.LPUART1_IRQHandler
                0x08000238       0xec ./Core/Src/LPUART.o
                0x08000238                LPUART1_IRQHandler
 .text.LPUART_Send_ESC_Seq
                0x08000324       0x20 ./Core/Src/LPUART.o
                0x08000324                LPUART_Send_ESC_Seq
 .text.NMI_Handler
                0x08000344        0x8 ./Core/Src/stm32l4xx_it.o
                0x08000344                NMI_Handler
 .text.HardFault_Handler
                0x0800034c        0x8 ./Core/Src/stm32l4xx_it.o
                0x0800034c                HardFault_Handler
 .text.MemManage_Handler
                0x08000354        0x8 ./Core/Src/stm32l4xx_it.o
                0x08000354                MemManage_Handler
 .text.BusFault_Handler
                0x0800035c        0x8 ./Core/Src/stm32l4xx_it.o
                0x0800035c                BusFault_Handler
 .text.UsageFault_Handler
                0x08000364        0x8 ./Core/Src/stm32l4xx_it.o
                0x08000364                UsageFault_Handler
 .text.SVC_Handler
                0x0800036c        0xe ./Core/Src/stm32l4xx_it.o
                0x0800036c                SVC_Handler
 .text.DebugMon_Handler
                0x0800037a        0xe ./Core/Src/stm32l4xx_it.o
                0x0800037a                DebugMon_Handler
 .text.PendSV_Handler
                0x08000388        0xe ./Core/Src/stm32l4xx_it.o
                0x08000388                PendSV_Handler
 .text.SysTick_Handler
                0x08000396        0xc ./Core/Src/stm32l4xx_it.o
                0x08000396                SysTick_Handler
 *fill*         0x080003a2        0x2 
 .text.SystemInit
                0x080003a4       0x24 ./Core/Src/system_stm32l4xx.o
                0x080003a4                SystemInit
 .text.Reset_Handler
                0x080003c8       0x50 ./Core/Startup/startup_stm32l4a6zgtx.o
                0x080003c8                Reset_Handler
 .text.Default_Handler
                0x08000418        0x2 ./Core/Startup/startup_stm32l4a6zgtx.o
                0x08000418                TIM1_BRK_TIM15_IRQHandler
                0x08000418                HASH_RNG_IRQHandler
                0x08000418                EXTI2_IRQHandler
                0x08000418                TIM8_TRG_COM_IRQHandler
                0x08000418                TIM8_CC_IRQHandler
                0x08000418                TIM1_CC_IRQHandler
                0x08000418                TSC_IRQHandler
                0x08000418                TAMP_STAMP_IRQHandler
                0x08000418                CAN2_RX1_IRQHandler
                0x08000418                EXTI3_IRQHandler
                0x08000418                LPTIM2_IRQHandler
                0x08000418                DFSDM1_FLT1_IRQHandler
                0x08000418                I2C3_ER_IRQHandler
                0x08000418                DFSDM1_FLT2_IRQHandler
                0x08000418                EXTI0_IRQHandler
                0x08000418                I2C2_EV_IRQHandler
                0x08000418                CAN1_RX0_IRQHandler
                0x08000418                FPU_IRQHandler
                0x08000418                TIM1_UP_TIM16_IRQHandler
                0x08000418                CAN2_SCE_IRQHandler
                0x08000418                ADC1_2_IRQHandler
                0x08000418                SPI1_IRQHandler
                0x08000418                TIM6_DAC_IRQHandler
                0x08000418                DCMI_IRQHandler
                0x08000418                CAN2_RX0_IRQHandler
                0x08000418                TIM8_UP_IRQHandler
                0x08000418                DMA2_Channel2_IRQHandler
                0x08000418                DMA1_Channel4_IRQHandler
                0x08000418                SAI2_IRQHandler
                0x08000418                DFSDM1_FLT3_IRQHandler
                0x08000418                USART3_IRQHandler
                0x08000418                DMA1_Channel7_IRQHandler
                0x08000418                CAN1_RX1_IRQHandler
                0x08000418                LCD_IRQHandler
                0x08000418                UART5_IRQHandler
                0x08000418                ADC3_IRQHandler
                0x08000418                TIM4_IRQHandler
                0x08000418                DMA2_Channel1_IRQHandler
                0x08000418                QUADSPI_IRQHandler
                0x08000418                I2C1_EV_IRQHandler
                0x08000418                DMA1_Channel6_IRQHandler
                0x08000418                UART4_IRQHandler
                0x08000418                DMA2_Channel4_IRQHandler
                0x08000418                TIM3_IRQHandler
                0x08000418                RCC_IRQHandler
                0x08000418                DMA1_Channel1_IRQHandler
                0x08000418                Default_Handler
                0x08000418                DMA2_Channel7_IRQHandler
                0x08000418                EXTI15_10_IRQHandler
                0x08000418                TIM7_IRQHandler
                0x08000418                SDMMC1_IRQHandler
                0x08000418                CAN2_TX_IRQHandler
                0x08000418                TIM5_IRQHandler
                0x08000418                I2C3_EV_IRQHandler
                0x08000418                EXTI9_5_IRQHandler
                0x08000418                RTC_WKUP_IRQHandler
                0x08000418                PVD_PVM_IRQHandler
                0x08000418                SPI2_IRQHandler
                0x08000418                CAN1_TX_IRQHandler
                0x08000418                DMA2_Channel5_IRQHandler
                0x08000418                CRS_IRQHandler
                0x08000418                DMA1_Channel5_IRQHandler
                0x08000418                EXTI4_IRQHandler
                0x08000418                TIM1_TRG_COM_TIM17_IRQHandler
                0x08000418                DMA1_Channel3_IRQHandler
                0x08000418                COMP_IRQHandler
                0x08000418                WWDG_IRQHandler
                0x08000418                I2C4_EV_IRQHandler
                0x08000418                DMA2_Channel6_IRQHandler
                0x08000418                TIM2_IRQHandler
                0x08000418                DMA2D_IRQHandler
                0x08000418                EXTI1_IRQHandler
                0x08000418                AES_IRQHandler
                0x08000418                USART2_IRQHandler
                0x08000418                DFSDM1_FLT0_IRQHandler
                0x08000418                I2C2_ER_IRQHandler
                0x08000418                DMA1_Channel2_IRQHandler
                0x08000418                TIM8_BRK_IRQHandler
                0x08000418                CAN1_SCE_IRQHandler
                0x08000418                FLASH_IRQHandler
                0x08000418                USART1_IRQHandler
                0x08000418                OTG_FS_IRQHandler
                0x08000418                SPI3_IRQHandler
                0x08000418                I2C1_ER_IRQHandler
                0x08000418                FMC_IRQHandler
                0x08000418                SWPMI1_IRQHandler
                0x08000418                LPTIM1_IRQHandler
                0x08000418                I2C4_ER_IRQHandler
                0x08000418                SAI1_IRQHandler
                0x08000418                DMA2_Channel3_IRQHandler
                0x08000418                RTC_Alarm_IRQHandler
 *fill*         0x0800041a        0x2 
 .text.HAL_IncTick
                0x0800041c       0x28 ./Drivers/STM32L4xx_HAL_Driver/Src/stm32l4xx_hal.o
                0x0800041c                HAL_IncTick
 .text.__libc_init_array
                0x08000444       0x48 /Applications/STM32CubeIDE.app/Contents/Eclipse/plugins/com.st.stm32cube.ide.mcu.externaltools.gnu-tools-for-stm32.13.3.rel1.macos64_1.0.0.202411102158/tools/bin/../lib/gcc/arm-none-eabi/13.3.1/../../../../arm-none-eabi/lib/thumb/v7e-m+fp/hard/libc_nano.a(libc_a-init.o)
                0x08000444                __libc_init_array
 *(.glue_7)
 .glue_7        0x0800048c        0x0 linker stubs
 *(.glue_7t)
 .glue_7t       0x0800048c        0x0 linker stubs
 *(.eh_frame)
 .eh_frame      0x0800048c        0x0 /Applications/STM32CubeIDE.app/Contents/Eclipse/plugins/com.st.stm32cube.ide.mcu.externaltools.gnu-tools-for-stm32.13.3.rel1.macos64_1.0.0.202411102158/tools/bin/../lib/gcc/arm-none-eabi/13.3.1/thumb/v7e-m+fp/hard/crtbegin.o
 *(.init)
 .init          0x0800048c        0x4 /Applications/STM32CubeIDE.app/Contents/Eclipse/plugins/com.st.stm32cube.ide.mcu.externaltools.gnu-tools-for-stm32.13.3.rel1.macos64_1.0.0.202411102158/tools/bin/../lib/gcc/arm-none-eabi/13.3.1/thumb/v7e-m+fp/hard/crti.o
                0x0800048c                _init
 .init          0x08000490        0x8 /Applications/STM32CubeIDE.app/Contents/Eclipse/plugins/com.st.stm32cube.ide.mcu.externaltools.gnu-tools-for-stm32.13.3.rel1.macos64_1.0.0.202411102158/tools/bin/../lib/gcc/arm-none-eabi/13.3.1/thumb/v7e-m+fp/hard/crtn.o
 *(.fini)
 .fini          0x08000498        0x4 /Applications/STM32CubeIDE.app/Contents/Eclipse/plugins/com.st.stm32cube.ide.mcu.externaltools.gnu-tools-for-stm32.13.3.rel1.macos64_1.0.0.202411102158/tools/bin/../lib/gcc/arm-none-eabi/13.3.1/thumb/v7e-m+fp/hard/crti.o
                0x08000498                _fini
 .fini          0x0800049c        0x8 /Applications/STM32CubeIDE.app/Contents/Eclipse/plugins/com.st.stm32cube.ide.mcu.externaltools.gnu-tools-for-stm32.13.3.rel1.macos64_1.0.0.202411102158/tools/bin/../lib/gcc/arm-none-eabi/13.3.1/thumb/v7e-m+fp/hard/crtn.o
                0x080004a4                        . = ALIGN (0x4)
                0x080004a4                        _etext = .

.vfp11_veneer   0x080004a4        0x0
 .vfp11_veneer  0x080004a4        0x0 linker stubs

.v4_bx          0x080004a4        0x0
 .v4_bx         0x080004a4        0x0 linker stubs

.iplt           0x080004a4        0x0
 .iplt          0x080004a4        0x0 /Applications/STM32CubeIDE.app/Contents/Eclipse/plugins/com.st.stm32cube.ide.mcu.externaltools.gnu-tools-for-stm32.13.3.rel1.macos64_1.0.0.202411102158/tools/bin/../lib/gcc/arm-none-eabi/13.3.1/thumb/v7e-m+fp/hard/crtbegin.o

.rodata         0x080004a4       0x14
                0x080004a4                        . = ALIGN (0x4)
 *(.rodata)
 .rodata        0x080004a4       0x13 ./Core/Src/LPUART.o
 *(.rodata*)
                0x080004b8                        . = ALIGN (0x4)
 *fill*         0x080004b7        0x1 

.ARM.extab      0x080004b8        0x0
                0x080004b8                        . = ALIGN (0x4)
 *(.ARM.extab* .gnu.linkonce.armextab.*)
                0x080004b8                        . = ALIGN (0x4)

.ARM            0x080004b8        0x0
                0x080004b8                        . = ALIGN (0x4)
                0x080004b8                        __exidx_start = .
 *(.ARM.exidx*)
                0x080004b8                        __exidx_end = .
                0x080004b8                        . = ALIGN (0x4)

.preinit_array  0x080004b8        0x0
                0x080004b8                        . = ALIGN (0x4)
                0x080004b8                        PROVIDE (__preinit_array_start = .)
 *(.preinit_array*)
                0x080004b8                        PROVIDE (__preinit_array_end = .)
                0x080004b8                        . = ALIGN (0x4)

.init_array     0x080004b8        0x4
                0x080004b8                        . = ALIGN (0x4)
                0x080004b8                        PROVIDE (__init_array_start = .)
 *(SORT_BY_NAME(.init_array.*))
 *(.init_array*)
 .init_array    0x080004b8        0x4 /Applications/STM32CubeIDE.app/Contents/Eclipse/plugins/com.st.stm32cube.ide.mcu.externaltools.gnu-tools-for-stm32.13.3.rel1.macos64_1.0.0.202411102158/tools/bin/../lib/gcc/arm-none-eabi/13.3.1/thumb/v7e-m+fp/hard/crtbegin.o
                0x080004bc                        PROVIDE (__init_array_end = .)
                0x080004bc                        . = ALIGN (0x4)

.fini_array     0x080004bc        0x4
                0x080004bc                        . = ALIGN (0x4)
                [!provide]                        PROVIDE (__fini_array_start = .)
 *(SORT_BY_NAME(.fini_array.*))
 *(.fini_array*)
 .fini_array    0x080004bc        0x4 /Applications/STM32CubeIDE.app/Contents/Eclipse/plugins/com.st.stm32cube.ide.mcu.externaltools.gnu-tools-for-stm32.13.3.rel1.macos64_1.0.0.202411102158/tools/bin/../lib/gcc/arm-none-eabi/13.3.1/thumb/v7e-m+fp/hard/crtbegin.o
                [!provide]                        PROVIDE (__fini_array_end = .)
                0x080004c0                        . = ALIGN (0x4)
                0x080004c0                        _sidata = LOADADDR (.data)

.rel.dyn        0x080004c0        0x0
 .rel.iplt      0x080004c0        0x0 /Applications/STM32CubeIDE.app/Contents/Eclipse/plugins/com.st.stm32cube.ide.mcu.externaltools.gnu-tools-for-stm32.13.3.rel1.macos64_1.0.0.202411102158/tools/bin/../lib/gcc/arm-none-eabi/13.3.1/thumb/v7e-m+fp/hard/crtbegin.o

.data           0x20000000        0x4 load address 0x080004c0
                0x20000000                        . = ALIGN (0x4)
                0x20000000                        _sdata = .
 *(.data)
 *(.data*)
 .data.uwTickFreq
                0x20000000        0x1 ./Drivers/STM32L4xx_HAL_Driver/Src/stm32l4xx_hal.o
                0x20000000                uwTickFreq
 *(.RamFunc)
 *(.RamFunc*)
                0x20000004                        . = ALIGN (0x4)
 *fill*         0x20000001        0x3 
                0x20000004                        _edata = .

.igot.plt       0x20000004        0x0 load address 0x080004c4
 .igot.plt      0x20000004        0x0 /Applications/STM32CubeIDE.app/Contents/Eclipse/plugins/com.st.stm32cube.ide.mcu.externaltools.gnu-tools-for-stm32.13.3.rel1.macos64_1.0.0.202411102158/tools/bin/../lib/gcc/arm-none-eabi/13.3.1/thumb/v7e-m+fp/hard/crtbegin.o
                0x20000004                        . = ALIGN (0x4)

.bss            0x20000004       0x20 load address 0x080004c4
                0x20000004                        _sbss = .
                0x20000004                        __bss_start__ = _sbss
 *(.bss)
 .bss           0x20000004       0x1c /Applications/STM32CubeIDE.app/Contents/Eclipse/plugins/com.st.stm32cube.ide.mcu.externaltools.gnu-tools-for-stm32.13.3.rel1.macos64_1.0.0.202411102158/tools/bin/../lib/gcc/arm-none-eabi/13.3.1/thumb/v7e-m+fp/hard/crtbegin.o
 *(.bss*)
 .bss.uwTick    0x20000020        0x4 ./Drivers/STM32L4xx_HAL_Driver/Src/stm32l4xx_hal.o
                0x20000020                uwTick
 *(COMMON)
                0x20000024                        . = ALIGN (0x4)
                0x20000024                        _ebss = .
                0x20000024                        __bss_end__ = _ebss

._user_heap_stack
                0x20000024      0x604 load address 0x080004c4
                0x20000028                        . = ALIGN (0x8)
 *fill*         0x20000024        0x4 
                [!provide]                        PROVIDE (end = .)
                0x20000028                        PROVIDE (_end = .)
                0x20000228                        . = (. + _Min_Heap_Size)
 *fill*         0x20000028      0x200 
                0x20000628                        . = (. + _Min_Stack_Size)
 *fill*         0x20000228      0x400 
                0x20000628                        . = ALIGN (0x8)

/DISCARD/
 libc.a(*)
 libm.a(*)
 libgcc.a(*)

.ARM.attributes
                0x00000000       0x30
 *(.ARM.attributes)
 .ARM.attributes
                0x00000000       0x22 /Applications/STM32CubeIDE.app/Contents/Eclipse/plugins/com.st.stm32cube.ide.mcu.externaltools.gnu-tools-for-stm32.13.3.rel1.macos64_1.0.0.202411102158/tools/bin/../lib/gcc/arm-none-eabi/13.3.1/thumb/v7e-m+fp/hard/crti.o
 .ARM.attributes
                0x00000022       0x34 /Applications/STM32CubeIDE.app/Contents/Eclipse/plugins/com.st.stm32cube.ide.mcu.externaltools.gnu-tools-for-stm32.13.3.rel1.macos64_1.0.0.202411102158/tools/bin/../lib/gcc/arm-none-eabi/13.3.1/thumb/v7e-m+fp/hard/crtbegin.o
 .ARM.attributes
                0x00000056       0x34 ./Core/Src/LPUART.o
 .ARM.attributes
                0x0000008a       0x34 ./Core/Src/stm32l4xx_it.o
 .ARM.attributes
                0x000000be       0x34 ./Core/Src/system_stm32l4xx.o
 .ARM.attributes
                0x000000f2       0x21 ./Core/Startup/startup_stm32l4a6zgtx.o
 .ARM.attributes
                0x00000113       0x34 ./Drivers/STM32L4xx_HAL_Driver/Src/stm32l4xx_hal.o
 .ARM.attributes
                0x00000147       0x34 /Applications/STM32CubeIDE.app/Contents/Eclipse/plugins/com.st.stm32cube.ide.mcu.externaltools.gnu-tools-for-stm32.13.3.rel1.macos64_1.0.0.202411102158/tools/bin/../lib/gcc/arm-none-eabi/13.3.1/../../../../arm-none-eabi/lib/thumb/v7e-m+fp/hard/libc_nano.a(libc_a-init.o)
 .ARM.attributes
                0x0000017b       0x22 /Applications/STM32CubeIDE.app/Contents/Eclipse/plugins/com.st.stm32cube.ide.mcu.externaltools.gnu-tools-for-stm32.13.3.rel1.macos64_1.0.0.202411102158/tools/bin/../lib/gcc/arm-none-eabi/13.3.1/thumb/v7e-m+fp/hard/crtn.o
OUTPUT(stm-star-tracker.elf elf32-littlearm)
LOAD linker stubs
LOAD /Applications/STM32CubeIDE.app/Contents/Eclipse/plugins/com.st.stm32cube.ide.mcu.externaltools.gnu-tools-for-stm32.13.3.rel1.macos64_1.0.0.202411102158/tools/bin/../lib/gcc/arm-none-eabi/13.3.1/../../../../arm-none-eabi/lib/thumb/v7e-m+fp/hard/libc.a
LOAD /Applications/STM32CubeIDE.app/Contents/Eclipse/plugins/com.st.stm32cube.ide.mcu.externaltools.gnu-tools-for-stm32.13.3.rel1.macos64_1.0.0.202411102158/tools/bin/../lib/gcc/arm-none-eabi/13.3.1/../../../../arm-none-eabi/lib/thumb/v7e-m+fp/hard/libm.a
LOAD /Applications/STM32CubeIDE.app/Contents/Eclipse/plugins/com.st.stm32cube.ide.mcu.externaltools.gnu-tools-for-stm32.13.3.rel1.macos64_1.0.0.202411102158/tools/bin/../lib/gcc/arm-none-eabi/13.3.1/thumb/v7e-m+fp/hard/libgcc.a

.debug_info     0x00000000     0x1cb8
 .debug_info    0x00000000      0xa57 ./Core/Src/LPUART.o
 .debug_info    0x00000a57      0x113 ./Core/Src/stm32l4xx_it.o
 .debug_info    0x00000b6a      0x5cd ./Core/Src/system_stm32l4xx.o
 .debug_info    0x00001137       0x30 ./Core/Startup/startup_stm32l4a6zgtx.o
 .debug_info    0x00001167      0xb51 ./Drivers/STM32L4xx_HAL_Driver/Src/stm32l4xx_hal.o

.debug_abbrev   0x00000000      0x57c
 .debug_abbrev  0x00000000      0x189 ./Core/Src/LPUART.o
 .debug_abbrev  0x00000189       0x73 ./Core/Src/stm32l4xx_it.o
 .debug_abbrev  0x000001fc      0x11a ./Core/Src/system_stm32l4xx.o
 .debug_abbrev  0x00000316       0x24 ./Core/Startup/startup_stm32l4a6zgtx.o
 .debug_abbrev  0x0000033a      0x242 ./Drivers/STM32L4xx_HAL_Driver/Src/stm32l4xx_hal.o

.debug_aranges  0x00000000      0x218
 .debug_aranges
                0x00000000       0x38 ./Core/Src/LPUART.o
 .debug_aranges
                0x00000038       0x60 ./Core/Src/stm32l4xx_it.o
 .debug_aranges
                0x00000098       0x28 ./Core/Src/system_stm32l4xx.o
 .debug_aranges
                0x000000c0       0x28 ./Core/Startup/startup_stm32l4a6zgtx.o
 .debug_aranges
                0x000000e8      0x130 ./Drivers/STM32L4xx_HAL_Driver/Src/stm32l4xx_hal.o

.debug_rnglists
                0x00000000      0x17c
 .debug_rnglists
                0x00000000       0x27 ./Core/Src/LPUART.o
 .debug_rnglists
                0x00000027       0x43 ./Core/Src/stm32l4xx_it.o
 .debug_rnglists
                0x0000006a       0x1a ./Core/Src/system_stm32l4xx.o
 .debug_rnglists
                0x00000084       0x19 ./Core/Startup/startup_stm32l4a6zgtx.o
 .debug_rnglists
                0x0000009d       0xdf ./Drivers/STM32L4xx_HAL_Driver/Src/stm32l4xx_hal.o

.debug_macro    0x00000000    0x2676b
 .debug_macro   0x00000000      0x1b2 ./Core/Src/LPUART.o
 .debug_macro   0x000001b2      0xad8 ./Core/Src/LPUART.o
 .debug_macro   0x00000c8a       0x2e ./Core/Src/LPUART.o
 .debug_macro   0x00000cb8       0x28 ./Core/Src/LPUART.o
 .debug_macro   0x00000ce0       0x22 ./Core/Src/LPUART.o
 .debug_macro   0x00000d02       0x8e ./Core/Src/LPUART.o
 .debug_macro   0x00000d90       0x51 ./Core/Src/LPUART.o
 .debug_macro   0x00000de1      0x103 ./Core/Src/LPUART.o
 .debug_macro   0x00000ee4       0x6a ./Core/Src/LPUART.o
 .debug_macro   0x00000f4e      0x1df ./Core/Src/LPUART.o
 .debug_macro   0x0000112d       0x1c ./Core/Src/LPUART.o
 .debug_macro   0x00001149       0x22 ./Core/Src/LPUART.o
 .debug_macro   0x0000116b       0xfb ./Core/Src/LPUART.o
 .debug_macro   0x00001266     0x1011 ./Core/Src/LPUART.o
 .debug_macro   0x00002277      0x11f ./Core/Src/LPUART.o
 .debug_macro   0x00002396    0x1c8c1 ./Core/Src/LPUART.o
 .debug_macro   0x0001ec57       0x6d ./Core/Src/LPUART.o
 .debug_macro   0x0001ecc4      0x19b ./Core/Src/LPUART.o
 .debug_macro   0x0001ee5f     0x38fb ./Core/Src/LPUART.o
 .debug_macro   0x0002275a      0x190 ./Core/Src/LPUART.o
 .debug_macro   0x000228ea       0x5c ./Core/Src/LPUART.o
 .debug_macro   0x00022946     0x1909 ./Core/Src/LPUART.o
 .debug_macro   0x0002424f      0x773 ./Core/Src/LPUART.o
 .debug_macro   0x000249c2      0x1b9 ./Core/Src/LPUART.o
 .debug_macro   0x00024b7b      0x202 ./Core/Src/LPUART.o
 .debug_macro   0x00024d7d      0x26b ./Core/Src/LPUART.o
 .debug_macro   0x00024fe8      0x23d ./Core/Src/LPUART.o
 .debug_macro   0x00025225      0x241 ./Core/Src/LPUART.o
 .debug_macro   0x00025466      0x3ad ./Core/Src/LPUART.o
 .debug_macro   0x00025813       0xe4 ./Core/Src/LPUART.o
 .debug_macro   0x000258f7      0x122 ./Core/Src/LPUART.o
 .debug_macro   0x00025a19      0x3ef ./Core/Src/LPUART.o
 .debug_macro   0x00025e08      0x433 ./Core/Src/LPUART.o
 .debug_macro   0x0002623b      0x1b2 ./Core/Src/stm32l4xx_it.o
 .debug_macro   0x000263ed      0x198 ./Core/Src/system_stm32l4xx.o
 .debug_macro   0x00026585      0x1e6 ./Drivers/STM32L4xx_HAL_Driver/Src/stm32l4xx_hal.o

.debug_line     0x00000000     0x2112
 .debug_line    0x00000000      0x7dd ./Core/Src/LPUART.o
 .debug_line    0x000007dd      0x727 ./Core/Src/stm32l4xx_it.o
 .debug_line    0x00000f04      0x716 ./Core/Src/system_stm32l4xx.o
 .debug_line    0x0000161a       0x7a ./Core/Startup/startup_stm32l4a6zgtx.o
 .debug_line    0x00001694      0xa7e ./Drivers/STM32L4xx_HAL_Driver/Src/stm32l4xx_hal.o

.debug_str      0x00000000    0xed964
 .debug_str     0x00000000    0xed964 ./Core/Src/LPUART.o
                              0xed3f6 (size before relaxing)
 .debug_str     0x000ed964    0xecc3c ./Core/Src/stm32l4xx_it.o
 .debug_str     0x000ed964    0xecdcd ./Core/Src/system_stm32l4xx.o
 .debug_str     0x000ed964       0x82 ./Core/Startup/startup_stm32l4a6zgtx.o
 .debug_str     0x000ed964    0xed9e3 ./Drivers/STM32L4xx_HAL_Driver/Src/stm32l4xx_hal.o

.comment        0x00000000       0x43
 .comment       0x00000000       0x43 ./Core/Src/LPUART.o
                                 0x44 (size before relaxing)
 .comment       0x00000043       0x44 ./Core/Src/stm32l4xx_it.o
 .comment       0x00000043       0x44 ./Core/Src/system_stm32l4xx.o
 .comment       0x00000043       0x44 ./Drivers/STM32L4xx_HAL_Driver/Src/stm32l4xx_hal.o

.debug_frame    0x00000000      0x6c0
 .debug_frame   0x00000000       0xa0 ./Core/Src/LPUART.o
 .debug_frame   0x000000a0      0x104 ./Core/Src/stm32l4xx_it.o
 .debug_frame   0x000001a4       0x58 ./Core/Src/system_stm32l4xx.o
 .debug_frame   0x000001fc      0x498 ./Drivers/STM32L4xx_HAL_Driver/Src/stm32l4xx_hal.o
 .debug_frame   0x00000694       0x2c /Applications/STM32CubeIDE.app/Contents/Eclipse/plugins/com.st.stm32cube.ide.mcu.externaltools.gnu-tools-for-stm32.13.3.rel1.macos64_1.0.0.202411102158/tools/bin/../lib/gcc/arm-none-eabi/13.3.1/../../../../arm-none-eabi/lib/thumb/v7e-m+fp/hard/libc_nano.a(libc_a-init.o)

.debug_line_str
                0x00000000       0x66
 .debug_line_str
                0x00000000       0x66 ./Core/Startup/startup_stm32l4a6zgtx.o
